../Core/Src/main.c:99:5:main	8	static
../Core/Src/main.c:160:6:SystemClock_Config	72	static
../Core/Src/main.c:197:13:MX_TIM1_Init	32	static
../Core/Src/main.c:243:13:MX_TIM2_Init	64	static
../Core/Src/main.c:302:13:MX_USART2_UART_Init	8	static
../Core/Src/main.c:335:13:MX_GPIO_Init	32	static
../Core/Src/main.c:372:6:HAL_GPIO_EXTI_Callback	24	static
../Core/Src/main.c:401:6:init_PID	24	static
../Core/Src/main.c:414:7:pid_update	56	static
../Core/Src/main.c:449:5:__io_putchar	16	static
../Core/Src/main.c:462:6:Error_Handler	4	static,ignoring_inline_asm
