../Core/Src/main.c:101:5:main	8	static
../Core/Src/main.c:162:6:SystemClock_Config	72	static
../Core/Src/main.c:199:13:MX_TIM1_Init	32	static
../Core/Src/main.c:245:13:MX_TIM2_Init	64	static
../Core/Src/main.c:304:13:MX_USART2_UART_Init	8	static
../Core/Src/main.c:337:13:MX_GPIO_Init	32	static
../Core/Src/main.c:374:6:HAL_GPIO_EXTI_Callback	24	static
../Core/Src/main.c:403:6:init_PID	24	static
../Core/Src/main.c:416:7:pid_update	56	static
../Core/Src/main.c:451:5:__io_putchar	16	static
../Core/Src/main.c:464:6:Error_Handler	4	static,ignoring_inline_asm
